Maximize the total connected pairs: 2 pairs
...***....
.*.***....
..........
1.........
1.........
11...*****
..44.*****
..4***....
...*......
...*......