Maximize the total connected pairs: 5 pairs
.233.....4
22*3...5*4
2.*.6665*4
2.*...65*4
2.*...65*4
2.*55555*4
2.*******4
2.*4444444
2.********
22........