Maximize the total connected pairs: 5 pairs
222***..66
2*.***..6.
555555556.
...****66.
...*6666..
.....*****
..44.*****
..4***1111
...*.11...
...*11....