Minimize the total length: 41 grieds
.666666...
...5556...
...54.66..
42224.11..
42444.31..
444...31..
......31..
......31..
......31..
......11..