Maximize the total connected pairs: 5 pairs
222.4...
23244...
3324....
3.24.555
3.22558.
33..588.
.3...8*.
.33.....