Minimize the total length: 28 grieds
.....*..
.1111...
33..14..
.3**44..
.33.4222
..3*4442
*.33333.
..*..*3.