Maximize the total connected pairs: 1 pairs
.*.....
*......
.222**.
.*.222.
.......
.......
.......

