Maximize the total connected pairs: 2 pairs
55.....
5.4444.
555554.
...*.4.
...*.4.
.....4.
...444.

