Minimize the total length: 35 grieds
11111*3**3
**2***3**3
.*2*.*3333
.*2*.*4444
.*2*.*4**4
.***.*4**4
......*...
.5*..*5...
.5****5...
.555555...
