Minimize the total length: 82 grieds
1111111111
1........2
1333333332
13......42
1355555542
135....642
1357777642
1356666642
1344444442
1222222222